  TR2.Protocol.Tests -> $HOME/dev/msm/cache/dotnet/bin/TR2.Protocol.Tests/debug/TR2.Protocol.Tests.dll
  TR2.Campaigns -> $HOME/dev/msm/cache/dotnet/bin/TR2.Campaigns/debug/TR2.Campaigns.dll
  TR2.Persistence -> $HOME/dev/msm/cache/dotnet/bin/TR2.Persistence/debug/TR2.Persistence.dll
  TR2.Application.Tests -> $HOME/dev/msm/cache/dotnet/bin/TR2.Application.Tests/debug/TR2.Application.Tests.dll
  TR2.Persistence.Tests -> $HOME/dev/msm/cache/dotnet/bin/TR2.Persistence.Tests/debug/TR2.Persistence.Tests.dll
  TR2.Supervision.Web -> $HOME/dev/msm/cache/dotnet/bin/TR2.Supervision.Web/debug/TR2.Supervision.Web.dll
  TR2.Supervision.Service -> $HOME/dev/msm/cache/dotnet/bin/TR2.Supervision.Service/debug/TR2.Supervision.Service.dll
  TR2.Supervision.Service.Tests -> $HOME/dev/msm/cache/dotnet/bin/TR2.Supervision.Service.Tests/debug/TR2.Supervision.Service.Tests.dll

Build succeeded.
    0 Warning(s)
    0 Error(s)

Time Elapsed 00:00:14.00
Test run for $HOME/dev/msm/cache/dotnet/bin/TR2.Protocol.Tests/debug/TR2.Protocol.Tests.dll (.NETCoreApp,Version=v10.0)
Test run for $HOME/dev/msm/cache/dotnet/bin/TR2.Application.Tests/debug/TR2.Application.Tests.dll (.NETCoreApp,Version=v10.0)
A total of 1 test files matched the specified pattern.
Test run for $HOME/dev/msm/cache/dotnet/bin/TR2.Persistence.Tests/debug/TR2.Persistence.Tests.dll (.NETCoreApp,Version=v10.0)
Test run for $HOME/dev/msm/cache/dotnet/bin/TR2.Supervision.Service.Tests/debug/TR2.Supervision.Service.Tests.dll (.NETCoreApp,Version=v10.0)
Test run for $HOME/dev/msm/cache/dotnet/bin/TR2.Architecture.Tests/debug/TR2.Architecture.Tests.dll (.NETCoreApp,Version=v10.0)
Test run for $HOME/dev/msm/cache/dotnet/bin/TR2.Transport.Tests/debug/TR2.Transport.Tests.dll (.NETCoreApp,Version=v10.0)
Test run for $HOME/dev/msm/cache/dotnet/bin/TR2.Domain.Tests/debug/TR2.Domain.Tests.dll (.NETCoreApp,Version=v10.0)
A total of 1 test files matched the specified pattern.
A total of 1 test files matched the specified pattern.
A total of 1 test files matched the specified pattern.
A total of 1 test files matched the specified pattern.
A total of 1 test files matched the specified pattern.
A total of 1 test files matched the specified pattern.
Results File: $HOME/dev/msm/reports/dotnet-test-results/_<HOST>_2026-10-10_15_32_11_net10.0.trx

Passed!  - Failed:     0, Passed:    45, Skipped:     0, Total:    45, Duration: 241 ms - TR2.Protocol.Tests.dll (net10.0)
[xUnit.net 00:00:00.83]     TR2.Architecture.Tests.ProjectReferenceTests.Production_project_references_match_S1A_boundaries [FAIL]
Results File: $HOME/dev/msm/reports/dotnet-test-results/_<HOST>_2026-10-10_15_32_11_net10.0[1].trx

Passed!  - Failed:     0, Passed:    24, Skipped:     0, Total:    24, Duration: 282 ms - TR2.Transport.Tests.dll (net10.0)
  Failed TR2.Architecture.Tests.ProjectReferenceTests.Production_project_references_match_S1A_boundaries [22 ms]
  Error Message:
   Missing project: $HOME/dev/msm/src/TR2.Domain/TR2.Domain.csproj
  Stack Trace:
     at TR2.Architecture.Tests.ProjectReferenceTests.Production_project_references_match_S1A_boundaries() in $HOME/dev/msm/projects/MSM_vibe/Modbus RTU/Supervision TR2/tests/TR2.Architecture.Tests/ProjectReferenceTests.cs:line 41
   at System.Reflection.MethodBaseInvoker.InterpretedInvoke_Method(Object obj, IntPtr* args)
   at System.Reflection.MethodBaseInvoker.InvokeWithNoArgs(Object obj, BindingFlags invokeAttr)
Results File: $HOME/dev/msm/reports/dotnet-test-results/_<HOST>_2026-10-10_15_32_12_net10.0.trx

Failed!  - Failed:     1, Passed:     0, Skipped:     0, Total:     1, Duration: 99 ms - TR2.Architecture.Tests.dll (net10.0)
Results File: $HOME/dev/msm/reports/dotnet-test-results/_<HOST>_2026-10-10_15_32_12_net10.0[1].trx

Passed!  - Failed:     0, Passed:    17, Skipped:     0, Total:    17, Duration: 236 ms - TR2.Domain.Tests.dll (net10.0)
Results File: $HOME/dev/msm/reports/dotnet-test-results/_<HOST>_2026-10-10_15_32_12_net10.0[2].trx

Passed!  - Failed:     0, Passed:    31, Skipped:     0, Total:    31, Duration: 1 s - TR2.Persistence.Tests.dll (net10.0)
Results File: $HOME/dev/msm/reports/dotnet-test-results/_<HOST>_2026-10-10_15_32_12_net10.0[3].trx

Passed!  - Failed:     0, Passed:   221, Skipped:     0, Total:   221, Duration: 736 ms - TR2.Application.Tests.dll (net10.0)
Results File: $HOME/dev/msm/reports/dotnet-test-results/_<HOST>_2026-10-10_15_32_12_net10.0[4].trx

Passed!  - Failed:     0, Passed:   127, Skipped:     0, Total:   127, Duration: 1 s - TR2.Supervision.Service.Tests.dll (net10.0)
