0x080043bc in HAL_GetTick ()
SECOND_CONNECTION_BEFORE_RESET
pc             0x80043bc           0x80043bc <HAL_GetTick+12>
sp             0x200bfec4          0x200bfec4
xpsr           0x21000000          553648128
$1 = 126987
$2 = 1
$3 = 1
CPU_FAULT_STATUS_BEFORE_RESET
0xe000ed28:	0x00000000
0xe000ed2c:	0x00000000
Hardware assisted breakpoint 1 at 0x80020cc
STM32 Successfully completed reset operation (System reset)

Breakpoint 1, 0x080020cc in main ()
MAIN_REACHED_AFTER_RESET
pc             0x80020cc           0x80020cc <main>
sp             0x200c0000          0x200c0000
xpsr           0x61000000          1627389952
Hardware assisted breakpoint 2 at 0x8002434

Breakpoint 2, 0x08002434 in main ()
MAIN_LOOP_REACHED_AFTER_RESET
r0             0x0                 0
r1             0x46002400          1174414336
r2             0x152d              5421
r3             0x0                 0
r4             0x200bff80          537657216
r5             0x200bfef8          537657080
r6             0x0                 0
r7             0x200bfee8          537657064
r8             0xffffffff          4294967295
r9             0xffffffff          4294967295
r10            0xffffffff          4294967295
r11            0xffffffff          4294967295
r12            0x0                 0
sp             0x200bfee0          0x200bfee0
lr             0x800c219           134267417
pc             0x8002434           0x8002434 <main+872>
xpsr           0x61000000          1627389952
fpscr          0x0                 0
msp            0x200bfee0          0x200bfee0
psp            0x0                 0x0
primask        0x0                 0
basepri        0x0                 0
faultmask      0x0                 0
control        0x0                 0
#0  0x08002434 in main ()
$4 = 767
$5 = 5
$6 = 1
$7 = 0x4
$8 = 0
$9 = 1
$10 = 1
0xe000ed28:	0x00000000
0xe000ed2c:	0x00000000

Breakpoint 2, 0x08002434 in main ()
LOOP_HIT_REPEATED_AFTER_RESET
pc             0x8002434           0x8002434 <main+872>
sp             0x200bfee0          0x200bfee0
xpsr           0x1000000           16777216
$11 = 1018
No breakpoints, watchpoints, tracepoints, or catchpoints.
[Inferior 1 (Remote target) detached]
DETACHED_AND_FINISHED
